node.exe : npm warn Unknown cli config "--run". This will stop working in the next major version of npm.
At C:\Program Files\nodejs\npm.ps1:29 char:3
+   & $NODE_EXE $NPM_CLI_JS $args
+   ~~~~~~~~~~~~~~~~~~~~~~~~~~~~~
    + CategoryInfo          : NotSpecified: (npm warn Unknow...version of npm.:String) [], RemoteException
    + FullyQualifiedErrorId : NativeCommandError
 

> music-metadata-engine@1.3.0 test
> vitest


[1m[46m RUN [49m[22m [36mv4.0.16 [39m[90mG:/Metadata-Engine hf/frontend[39m

[90mstdout[2m | services/geminiService.test.ts[2m > [22m[2mgeminiService[2m > [22m[2mgenerateMetadata returns merged metadata from backend job
[22m[39mPre-calculated file hash: sha256-test-hash

[90mstdout[2m | services/geminiService.test.ts[2m > [22m[2mgeminiService[2m > [22m[2mgenerateMetadata returns merged metadata from backend job
[22m[39mSubmitting analysis job to Backend...

[90mstdout[2m | services/geminiService.test.ts[2m > [22m[2mgeminiService[2m > [22m[2mgenerateMetadata returns merged metadata from backend job
[22m[39mJob created: job123. Starting poll...

[90mstdout[2m | services/geminiService.test.ts[2m > [22m[2mgeminiService[2m > [22m[2mgenerateMetadata returns merged metadata from backend job
[22m[39mJob job123 status: completed

[90mstdout[2m | services/geminiService.test.ts[2m > [22m[2mgeminiService[2m > [22m[2mgenerateMetadata throws on backend job error
[22m[39mPre-calculated file hash: sha256-test-hash

[90mstdout[2m | services/geminiService.test.ts[2m > [22m[2mgeminiService[2m > [22m[2mgenerateMetadata throws on backend job error
[22m[39mSubmitting analysis job to Backend...

[90mstdout[2m | services/geminiService.test.ts[2m > [22m[2mgeminiService[2m > [22m[2mgenerateMetadata throws on backend job error
[22m[39mJob created: job123. Starting poll...

[90mstderr[2m | services/geminiService.test.ts[2m > [22m[2mgeminiService[2m > [22m[2mgenerateMetadata throws on
 backend job error
[22m[39mBackend connection error: Error: Analysis background error: boom
    at Module.generateMetadata (G:/Metadata-Engine hf/frontend/services/geminiService.ts:158:31)
[90m    at processTicksAndRejections (node:internal/process/task_queues:105:5)[39m
    at G:/Metadata-Engine hf/frontend/services/geminiService.test.ts:118:5
    at [90mfile:///G:/Metadata-Engine%20hf/frontend/[39mnode_modules/[4m@vitest[24m/runner/dist/index.js:915:20

[90mstdout[2m | services/geminiService.test.ts[2m > [22m[2mgeminiService[2m > [22m[2mgenerateMetadata throws on backend job error
[22m[39mJob job123 status: error

 [31mÔŁ»[39m services/geminiService.test.ts [2m([22m[2m2 tests[22m[2m | [22m[31m1 failed[39m[2m)[22m[32m 38[2mms[22m[39m
[31m     [31m├Ś[31m generateMetadata returns merged metadata from backend job[39m[32m 29[2mms[22m[39m
     [32mÔťô[39m generateMetadata throws on backend job error[32m 7[2mms[22m[39m
 [32mÔťô[39m components/InputSection.test.tsx [2m([22m[2m5 tests[22m[2m)[22m[32m 276[2mms[22m[39m
[90mstderr[2m | components/ResultsSection.test.tsx[2m > [22m[2mResultsSection Component[2m > [22m[2mrenders met
adata correctly in view mode
[22m[39mAn update to ResultsSection inside a test was not wrapped in act(...).

When testing, code that causes React state updates should be wrapped into act(...):

act(() => {
  /* fire events that update state */
});
/* assert on the output */

This ensures that you're testing the behavior the user would see in the browser. Learn more at https://react.dev/link/w
rap-tests-with-act

[90mstderr[2m | components/ResultsSection.test.tsx[2m > [22m[2mResultsSection Component[2m > [22m[2mtoggles edi
t mode and allows field updates through TrackIdentityCard
[22m[39mAn update to ResultsSection inside a test was not wrapped in act(...).

When testing, code that causes React state updates should be wrapped into act(...):

act(() => {
  /* fire events that update state */
});
/* assert on the output */

This ensures that you're testing the behavior the user would see in the browser. Learn more at https://react.dev/link/w
rap-tests-with-act
An update to ResultsSection inside a test was not wrapped in act(...).

When testing, code that causes React state updates should be wrapped into act(...):

act(() => {
  /* fire events that update state */
});
/* assert on the output */

This ensures that you're testing the behavior the user would see in the browser. Learn more at https://react.dev/link/w
rap-tests-with-act

[90mstderr[2m | components/ResultsSection.test.tsx[2m > [22m[2mResultsSection Component[2m > [22m[2mhandles bac
k to batch button click
[22m[39mAn update to ResultsSection inside a test was not wrapped in act(...).

When testing, code that causes React state updates should be wrapped into act(...):

act(() => {
  /* fire events that update state */
});
/* assert on the output */

This ensures that you're testing the behavior the user would see in the browser. Learn more at https://react.dev/link/w
rap-tests-with-act

 [31mÔŁ»[39m components/ResultsSection.test.tsx [2m([22m[2m4 tests[22m[2m | [22m[31m1 failed[39m[2m)[22m[33m 373[2mms[22m[39m
[31m     [31m├Ś[31m renders metadata correctly in view mode[39m[32m 238[2mms[22m[39m
     [32mÔťô[39m toggles edit mode and allows field updates through TrackIdentityCard[32m 91[2mms[22m[39m
     [32mÔťô[39m handles back to batch button click[32m 37[2mms[22m[39m
     [32mÔťô[39m displays error message when error prop is present[32m 5[2mms[22m[39m

[31mÔÄ»ÔÄ»ÔÄ»ÔÄ»ÔÄ»ÔÄ»ÔÄ»[39m[1m[41m Failed Tests 2 [49m[22m[31mÔÄ»ÔÄ»ÔÄ»ÔÄ»ÔÄ»ÔÄ»ÔÄ»[39m

[41m[1m FAIL [22m[49m components/ResultsSection.test.tsx[2m > [22mResultsSection Component[2m > [22mrenders met
adata correctly in view mode
[31m[1mTestingLibraryElementError[22m[39m: Unable to find an element with the text: MetadataValidationCard Mock. Th
is could be because the text is broken up by multiple elements. In this case, you can provide a function for your text 
matcher to make your matcher more flexible.

Ignored nodes: comments, script, style
[36m<body>[39m
  [36m<div>[39m
    [36m<div[39m
      [33mclass[39m=[32m"animate-fade-in space-y-6"[39m
    [36m>[39m
      [36m<div[39m
        [33mclass[39m=[32m"flex flex-col sm:flex-row justify-between sm:items-center gap-4 animate-slide-up"[39m
      [36m>[39m
        [36m<div[39m
          [33mclass[39m=[32m"flex flex-wrap items-center gap-3"[39m
        [36m>[39m
          [36m<button[39m
            [33maria-label[39m=[32m"Back to batch"[39m
            [33mclass[39m=[32m"inline-flex items-center justify-center gap-2 font-semibold rounded-xl transition-all
 duration-200 focus:outline-none focus:ring-2 focus:ring-offset-2 dark:ring-offset-slate-900 focus:ring-accent-violet d
isabled:opacity-50 disabled:cursor-wait bg-slate-200 dark:bg-slate-800 hover:bg-slate-300 dark:hover:bg-slate-700 text-
light-text dark:text-dark-text px-4 py-2 text-xs uppercase tracking-wider  px-2.5"[39m
          [36m>[39m
            [36m<svg[39m
              [33mclass[39m=[32m"w-5 h-5"[39m
              [33mfill[39m=[32m"none"[39m
              [33mheight[39m=[32m"24"[39m
              [33mstroke[39m=[32m"currentColor"[39m
              [33mstroke-linecap[39m=[32m"round"[39m
              [33mstroke-linejoin[39m=[32m"round"[39m
              [33mstroke-width[39m=[32m"2"[39m
              [33mviewBox[39m=[32m"0 0 24 24"[39m
              [33mwidth[39m=[32m"24"[39m
              [33mxmlns[39m=[32m"http://www.w3.org/2000/svg"[39m
            [36m>[39m
              [36m<path[39m
                [33md[39m=[32m"m12 19-7-7 7-7"[39m
              [36m/>[39m
              [36m<path[39m
                [33md[39m=[32m"M19 12H5"[39m
              [36m/>[39m
            [36m</svg>[39m
          [36m</button>[39m
          [36m<div>[39m
            [36m<h2[39m
              [33mclass[39m=[32m"text-2xl font-bold bg-clip-text text-transparent bg-gradient-to-r from-accent-viole
t to-accent-blue leading-tight"[39m
            [36m>[39m
              [0mAnalysis Dashboard[0m
            [36m</h2>[39m
            [36m<div[39m
              [33mclass[39m=[32m"flex items-center gap-2 mt-1"[39m
            [36m>[39m
              [36m<div[39m
                [33mclass[39m=[32m"w-2 h-2 rounded-full bg-emerald-500 shadow-[0_0_8px_rgba(16,185,129,0.5)]"[39m
              [36m/>[39m
              [36m<span[39m
                [33mclass[39m=[32m"text-[10px] uppercase tracking-wider font-bold text-slate-500"[39m
              [36m>[39m
                [0mLinked: test.mp3[0m
              [36m</span>[39m
              [36m<input[39m
                [33maccept[39m=[32m"audio/*"[39m
                [33mclass[39m=[32m"hidden"[39m
                [33mtype[39m=[32m"file"[39m
              [36m/>[39m
              [36m<button[39m
                [33mclass[39m=[32m"text-[9px] font-bold text-accent-blue hover:underline uppercase"[39m
              [36m>[39m
                [0m[ Re-connect File ][0m
              [36m</button>[39m
            [36m</div>[39m
          [36m</div>[39m
        [36m</div>[39m
        [36m<div[39m
          [33mclass[39m=[32m"flex items-center gap-3 self-start sm:self-center"[39m
        [36m>[39m
          [36m<button[39m
            [33mclass[39m=[32m"inline-flex items-center justify-center gap-2 font-semibold rounded-xl transition-all
 duration-200 focus:outline-none focus:ring-2 focus:ring-offset-2 dark:ring-offset-slate-900 focus:ring-accent-violet d
isabled:opacity-50 disabled:cursor-wait text-white bg-gradient-to-r from-accent-violet to-accent-blue shadow-lg shadow-
accent-violet/20 hover:shadow-accent-violet/30 hover:-translate-y-0.5 active:translate-y-0 px-4 py-2 text-xs uppercase 
tracking-wider  bg-emerald-600 hover:bg-emerald-700 text-white border-none shadow-md shadow-emerald-600/20 px-4"[39m
          [36m>[39m
            [36m<svg[39m
              [33mclass[39m=[32m"w-4 h-4"[39m
              [33mfill[39m=[32m"none"[39m
              [33mheight[39m=[32m"24"[39m
              [33mstroke[39m=[32m"currentColor"[39m
              [33mstroke-linecap[39m=[32m"round"[39m
              [33mstroke-linejoin[39m=[32m"round"[39m
              [33mstroke-width[39m=[32m"2"[39m
              [33mviewBox[39m=[32m"0 0 24 24"[39m
              [33mwidth[39m=[32m"24"[39m
              [33mxmlns[39m=[32m"http://www.w3.org/2000/svg"[39m
            [36m>[39m
              [36m<path[39m
                [33md[39m=[32m"M21 15v4a2 2 0 0 1-2 2H5a2 2 0 0 1-2-2v-4"[39m
              [36m/>[39m
              [36m<polyline[39m
                [33mpoints[39m=[32m"7 10 12 15 17 10"[39m
              [36m/>[39m
              [36m<line[39m
                [33mx1[39m=[32m"12"[39m
                [33mx2[39m=[32m"12"[39m
                [33my1[39m=[32m"15"[39m
                [33my2[39m=[32m"3"[39m
              [36m/>[39m
            [36m</svg>[39m
            [36m<span>[39m
              [0mDownload Tagged Audio[0m
            [36m</span>[39m
          [36m</button>[39m
          [36m<button[39m
            [33mclass[39m=[32m"inline-flex items-center justify-center gap-2 font-semibold rounded-xl transition-all
 duration-200 focus:outline-none focus:ring-2 focus:ring-offset-2 dark:ring-offset-slate-900 focus:ring-accent-violet d
isabled:opacity-50 disabled:cursor-wait bg-slate-200 dark:bg-slate-800 hover:bg-slate-300 dark:hover:bg-slate-700 text-
light-text dark:text-dark-text px-4 py-2 text-xs uppercase tracking-wider  "[39m
          [36m>[39m
            [36m<svg[39m
              [33mclass[39m=[32m"w-4 h-4"[39m
              [33mfill[39m=[32m"none"[39m
              [33mheight[39m=[32m"24"[39m
              [33mstroke[39m=[32m"currentColor"[39m
              [33mstroke-linecap[39m=[32m"round"[39m
              [33mstroke-linejoin[39m=[32m"round"[39m
              [33mstroke-width[39m=[32m"2"[39m
              [33mviewBox[39m=[32m"0 0 24 24"[39m
              [33mwidth[39m=[32m"24"[39m
              [33mxmlns[39m=[32m"http://www.w3.org/2000/svg"[39m
            [36m>[39m
              [36m<path[39m
                [33md[39m=[32m"M17 3a2.85 2.85 0 1 1 4 4L7.5 20.5 2 22l1.5-5.5Z"[39m
              [36m/>[39m
            [36m</svg>[39m
            [0m Edit[0m
          [36m</button>[39m
        [36m</div>[39m
      [36m</div>[39m
      [36m<div[39m
        [33mclass[39m=[32m"animate-slide-up"[39m
        [33mstyle[39m=[32m"animation-delay: 100ms;"[39m
      [36m>[39m
        [36m<div[39m
          [33mclass[39m=[32m"bg-gradient-to-br from-slate-50 to-slate-100 dark:from-slate-900 dark:to-slate-800 roun
ded-xl p-4 border border-slate-200 dark:border-slate-700 shadow-xl "[39m
        [36m>[39m
          [36m<audio[39m
            [33mpreload[39m=[32m"me...
[90m [2mÔŁ»[22m Object.getElementError node_modules/@testing-library/dom/dist/config.js:[2m37:19[22m[39m
[90m [2mÔŁ»[22m node_modules/@testing-library/dom/dist/query-helpers.js:[2m76:38[22m[39m
[90m [2mÔŁ»[22m node_modules/@testing-library/dom/dist/query-helpers.js:[2m52:17[22m[39m
[90m [2mÔŁ»[22m node_modules/@testing-library/dom/dist/query-helpers.js:[2m95:19[22m[39m
[36m [2mÔŁ»[22m components/ResultsSection.test.tsx:[2m99:23[22m[39m
    [90m 97| [39m        [34mexpect[39m(screen[33m.[39m[34mgetByText[39m([32m'StructureCard Mock'[39m))[33m.
[39m[34mtoBeDefined[39m()[33m;[39m
    [90m 98| [39m        expect(screen.getByText('DistributionCard Mock')).toBeDefined(ÔÇŽ
    [90m 99| [39m        expect(screen.getByText('MetadataValidationCard Mock')).toBeDeÔÇŽ
    [90m   | [39m                      [31m^[39m
    [90m100| [39m        [34mexpect[39m(screen[33m.[39m[34mgetByText[39m([32m'VisualsCard Mock'[39m))[33m.[
39m[34mtoBeDefined[39m()[33m;[39m
    [90m101| [39m        [34mexpect[39m(screen[33m.[39m[34mgetByText[39m([32m'CopyrightCard Mock'[39m))[33m.
[39m[34mtoBeDefined[39m()[33m;[39m

[31m[2mÔÄ»ÔÄ»ÔÄ»ÔÄ»ÔÄ»ÔÄ»ÔÄ»ÔÄ»ÔÄ»ÔÄ»ÔÄ»ÔÄ»ÔÄ»ÔÄ»ÔÄ»ÔÄ»ÔÄ»ÔÄ»ÔÄ»ÔÄ»ÔÄ»ÔÄ»ÔÄ»ÔÄ»[1/2]ÔÄ»[22m[39m

[41m[1m FAIL [22m[49m services/geminiService.test.ts[2m > [22mgeminiService[2m > [22mgenerateMetadata returns m
erged metadata from backend job
[31m[1mAssertionError[22m: expected undefined to be 'Pop' // Object.is equality[39m

[32m- Expected:[39m 
"Pop"

[31m+ Received:[39m 
undefined

[36m [2mÔŁ»[22m services/geminiService.test.ts:[2m80:30[22m[39m
    [90m 78| [39m    const result = await generateMetadata('file', false, dummyFile, ''ÔÇŽ
    [90m 79| [39m
    [90m 80| [39m    [34mexpect[39m(result[33m.[39mmainGenre)[33m.[39m[34mtoBe[39m([32m'Pop'[39m)[33m;[39
m

[2m Test Files [22m [1m[31m2 failed[39m[22m[2m | [22m[1m[32m1 passed[39m[22m[90m (3)[39m
[2m      Tests [22m [1m[31m2 failed[39m[22m[2m | [22m[1m[32m9 passed[39m[22m[90m (11)[39m
[2m   Start at [22m 22:49:55
[2m   Duration [22m 5.20s[2m (transform 1.46s, setup 0ms, import 2.40s, tests 688ms, environment 7.97s)[22m

    [90m   | [39m                             [31m^[39m
    [90m 81| [39m    [34mexpect[39m(result[33m.[39mbpm)[33m.[39m[34mtoBe[39m([34m128[39m)[33m;[39m
    [90m 82| [39m    [34mexpect[39m(result[33m.[39mkey)[33m.[39m[34mtoBe[39m([32m'D'[39m)[33m;[39m

[31m[2mÔÄ»ÔÄ»ÔÄ»ÔÄ»ÔÄ»ÔÄ»ÔÄ»ÔÄ»ÔÄ»ÔÄ»ÔÄ»ÔÄ»ÔÄ»ÔÄ»ÔÄ»ÔÄ»ÔÄ»ÔÄ»ÔÄ»ÔÄ»ÔÄ»ÔÄ»ÔÄ»ÔÄ»[2/2]ÔÄ»[22m[39m

